[    0.000000] Initializing cgroup subsys cpuset
[    0.000000] Initializing cgroup subsys cpu
[    0.000000] Initializing cgroup subsys cpuacct
[    0.000000] Linux version 4.4.0-92-generic (buildd@lcy01-17) (gcc version 5.4.0 20160609 (Ubuntu 5.4.0-6ubuntu1~16.04.4) ) #115-Ubuntu SMP Thu Aug 10 09:04:33 UTC 2017 (Ubuntu 4.4.0-92.115-generic 4.4.76)
[    0.000000] Command line: BOOT_IMAGE=/boot/vmlinuz-4.4.0-92-generic root=LABEL=cloudimg-rootfs ro console=tty1 console=ttyS0
[    0.000000] KERNEL supported cpus:
[    0.000000]   Intel GenuineIntel
[    0.000000]   AMD AuthenticAMD
[    0.000000]   Centaur CentaurHauls
[    0.000000] ------------[ cut here ]------------
[    0.000000] WARNING: CPU: 0 PID: 0 at /build/linux-hVVhWi/linux-4.4.0/arch/x86/kernel/fpu/xstate.c:517 fpu__init_system_xstate+0x38b/0x75a()
[    0.000000] XSAVE consistency problem, dumping leaves
[    0.000000] Modules linked in:
[    0.000000] CPU: 0 PID: 0 Comm: swapper Not tainted 4.4.0-92-generic #115-Ubuntu
[    0.000000]  0000000000000086 a71bf4abb823432a ffffffff81e03d80 ffffffff813f9c83
[    0.000000]  ffffffff81e03dc8 ffffffff81caa208 ffffffff81e03db8 ffffffff81081312
[    0.000000]  ffffffff81e03e48 ffffffff81e03e4c 0000000000000008 0000000000000100
[    0.000000] Call Trace:
[    0.000000]  [<ffffffff813f9c83>] dump_stack+0x63/0x90
[    0.000000]  [<ffffffff81081312>] warn_slowpath_common+0x82/0xc0
[    0.000000]  [<ffffffff810813ac>] warn_slowpath_fmt+0x5c/0x80
[    0.000000]  [<ffffffff8107d020>] ? xfeature_size+0x59/0x77
[    0.000000]  [<ffffffff81f6d206>] fpu__init_system_xstate+0x38b/0x75a
[    0.000000]  [<ffffffff81f5d120>] ? early_idt_handler_array+0x120/0x120
[    0.000000]  [<ffffffff81f6cb71>] fpu__init_system+0x10d/0x245
[    0.000000]  [<ffffffff81f6dc7a>] early_cpu_init+0x139/0x13e
[    0.000000]  [<ffffffff81f6dc7a>] ? early_cpu_init+0x139/0x13e
[    0.000000]  [<ffffffff81f69181>] setup_arch+0xb4/0xcf1
[    0.000000]  [<ffffffff81f5d120>] ? early_idt_handler_array+0x120/0x120
[    0.000000]  [<ffffffff81f5dc74>] start_kernel+0xe4/0x4a2
[    0.000000]  [<ffffffff81f5d120>] ? early_idt_handler_array+0x120/0x120
[    0.000000]  [<ffffffff81f5d339>] x86_64_start_reservations+0x2a/0x2c
[    0.000000]  [<ffffffff81f5d485>] x86_64_start_kernel+0x14a/0x16d
[    0.000000] ---[ end trace 4d5ff9f2f68c4233 ]---
[    0.000000] CPUID[0d, 00]: eax=00000007 ebx=00000440 ecx=00000440 edx=00000000
[    0.000000] CPUID[0d, 01]: eax=00000000 ebx=000003c0 ecx=00000000 edx=00000000
[    0.000000] CPUID[0d, 02]: eax=00000100 ebx=00000240 ecx=00000000 edx=00000000
[    0.000000] CPUID[0d, 03]: eax=00000000 ebx=00000000 ecx=00000000 edx=00000000
[    0.000000] CPUID[0d, 04]: eax=00000000 ebx=00000000 ecx=00000000 edx=00000000
[    0.000000] CPUID[0d, 05]: eax=00000000 ebx=00000000 ecx=00000000 edx=00000000
[    0.000000] CPUID[0d, 06]: eax=00000000 ebx=00000000 ecx=00000000 edx=00000000
[    0.000000] CPUID[0d, 07]: eax=00000000 ebx=00000000 ecx=00000000 edx=00000000
[    0.000000] CPUID[0d, 08]: eax=00000000 ebx=00000000 ecx=00000000 edx=00000000
[    0.000000] CPUID[0d, 09]: eax=00000000 ebx=00000000 ecx=00000000 edx=00000000
[    0.000000] CPUID[0d, 0a]: eax=00000000 ebx=00000000 ecx=00000000 edx=00000000
[    0.000000] CPUID[0d, 0b]: eax=00000000 ebx=00000000 ecx=00000000 edx=00000000
[    0.000000] CPUID[0d, 0c]: eax=00000000 ebx=00000000 ecx=00000000 edx=00000000
[    0.000000] CPUID[0d, 0d]: eax=00000000 ebx=00000000 ecx=00000000 edx=00000000
[    0.000000] CPUID[0d, 0e]: eax=00000000 ebx=00000000 ecx=00000000 edx=00000000
[    0.000000] CPUID[0d, 0f]: eax=00000000 ebx=00000000 ecx=00000000 edx=00000000
[    0.000000] CPUID[0d, 10]: eax=00000000 ebx=00000000 ecx=00000000 edx=00000000
[    0.000000] CPUID[0d, 11]: eax=00000000 ebx=00000000 ecx=00000000 edx=00000000
[    0.000000] x86/fpu: xstate_offset[2]:  576, xstate_sizes[2]:  256
[    0.000000] x86/fpu: Supporting XSAVE feature 0x01: 'x87 floating point registers'
[    0.000000] x86/fpu: Supporting XSAVE feature 0x02: 'SSE registers'
[    0.000000] x86/fpu: Supporting XSAVE feature 0x04: 'AVX registers'
[    0.000000] x86/fpu: Enabled xstate features 0x7, context size is 1088 bytes, using 'standard' format.
[    0.000000] x86/fpu: Using 'lazy' FPU context switches.
[    0.000000] e820: BIOS-provided physical RAM map:
[    0.000000] BIOS-e820: [mem 0x0000000000000000-0x000000000009fbff] usable
[    0.000000] BIOS-e820: [mem 0x000000000009fc00-0x000000000009ffff] reserved
[    0.000000] BIOS-e820: [mem 0x00000000000f0000-0x00000000000fffff] reserved
[    0.000000] BIOS-e820: [mem 0x0000000000100000-0x000000003ffeffff] usable
[    0.000000] BIOS-e820: [mem 0x000000003fff0000-0x000000003fffffff] ACPI data
[    0.000000] BIOS-e820: [mem 0x00000000fec00000-0x00000000fec00fff] reserved
[    0.000000] BIOS-e820: [mem 0x00000000fee00000-0x00000000fee00fff] reserved
[    0.000000] BIOS-e820: [mem 0x00000000fffc0000-0x00000000ffffffff] reserved
[    0.000000] NX (Execute Disable) protection: active
[    0.000000] SMBIOS 2.5 present.
[    0.000000] Hypervisor detected: KVM
[    0.000000] e820: last_pfn = 0x3fff0 max_arch_pfn = 0x400000000
[    0.000000] MTRR: Disabled
[    0.000000] x86/PAT: MTRRs disabled, skipping PAT initialization too.
[    0.000000] x86/PAT: Configuration [0-7]: WB  WT  UC- UC  WB  WT  UC- UC  
[    0.000000] CPU MTRRs all blank - virtualized system.
[    0.000000] found SMP MP-table at [mem 0x0009fff0-0x0009ffff] mapped at [ffff88000009fff0]
[    0.000000] Scanning 1 areas for low memory corruption
[    0.000000] RAMDISK: [mem 0x36ac8000-0x3755bfff]
[    0.000000] ACPI: Early table checksum verification disabled
[    0.000000] ACPI: RSDP 0x00000000000E0000 000024 (v02 VBOX  )
[    0.000000] ACPI: XSDT 0x000000003FFF0030 00003C (v01 VBOX   VBOXXSDT 00000001 ASL  00000061)
[    0.000000] ACPI: FACP 0x000000003FFF00F0 0000F4 (v04 VBOX   VBOXFACP 00000001 ASL  00000061)
[    0.000000] ACPI: DSDT 0x000000003FFF0470 0021C8 (v02 VBOX   VBOXBIOS 00000002 INTL 20100528)
[    0.000000] ACPI: FACS 0x000000003FFF0200 000040
[    0.000000] ACPI: FACS 0x000000003FFF0200 000040
[    0.000000] ACPI: APIC 0x000000003FFF0240 00005C (v02 VBOX   VBOXAPIC 00000001 ASL  00000061)
[    0.000000] ACPI: SSDT 0x000000003FFF02A0 0001CC (v01 VBOX   VBOXCPUT 00000002 INTL 20100528)
[    0.000000] No NUMA configuration found
[    0.000000] Faking a node at [mem 0x0000000000000000-0x000000003ffeffff]
[    0.000000] NODE_DATA(0) allocated [mem 0x3ffeb000-0x3ffeffff]
[    0.000000] kvm-clock: Using msrs 4b564d01 and 4b564d00
[    0.000000] kvm-clock: cpu 0, msr 0:3ffe3001, primary cpu clock
[    0.000000] kvm-clock: using sched offset of 3080085058 cycles
[    0.000000] clocksource: kvm-clock: mask: 0xffffffffffffffff max_cycles: 0x1cd42e4dffb, max_idle_ns: 881590591483 ns
[    0.000000] Zone ranges:
[    0.000000]   DMA      [mem 0x0000000000001000-0x0000000000ffffff]
[    0.000000]   DMA32    [mem 0x0000000001000000-0x000000003ffeffff]
[    0.000000]   Normal   empty
[    0.000000]   Device   empty
[    0.000000] Movable zone start for each node
[    0.000000] Early memory node ranges
[    0.000000]   node   0: [mem 0x0000000000001000-0x000000000009efff]
[    0.000000]   node   0: [mem 0x0000000000100000-0x000000003ffeffff]
[    0.000000] Initmem setup node 0 [mem 0x0000000000001000-0x000000003ffeffff]
[    0.000000] ACPI: PM-Timer IO Port: 0x4008
[    0.000000] IOAPIC[0]: apic_id 2, version 32, address 0xfec00000, GSI 0-23
[    0.000000] ACPI: INT_SRC_OVR (bus 0 bus_irq 0 global_irq 2 dfl dfl)
[    0.000000] ACPI: INT_SRC_OVR (bus 0 bus_irq 9 global_irq 9 high level)
[    0.000000] Using ACPI (MADT) for SMP configuration information
[    0.000000] smpboot: Allowing 2 CPUs, 0 hotplug CPUs
[    0.000000] PM: Registered nosave memory: [mem 0x00000000-0x00000fff]
[    0.000000] PM: Registered nosave memory: [mem 0x0009f000-0x0009ffff]
[    0.000000] PM: Registered nosave memory: [mem 0x000a0000-0x000effff]
[    0.000000] PM: Registered nosave memory: [mem 0x000f0000-0x000fffff]
[    0.000000] e820: [mem 0x40000000-0xfebfffff] available for PCI devices
[    0.000000] Booting paravirtualized kernel on KVM
[    0.000000] clocksource: refined-jiffies: mask: 0xffffffff max_cycles: 0xffffffff, max_idle_ns: 7645519600211568 ns
[    0.000000] setup_percpu: NR_CPUS:512 nr_cpumask_bits:512 nr_cpu_ids:2 nr_node_ids:1
[    0.000000] PERCPU: Embedded 33 pages/cpu @ffff88003fc00000 s98264 r8192 d28712 u1048576
[    0.000000] PV qspinlock hash table entries: 256 (order: 0, 4096 bytes)
[    0.000000] Built 1 zonelists in Node order, mobility grouping on.  Total pages: 257913
[    0.000000] Policy zone: DMA32
[    0.000000] Kernel command line: BOOT_IMAGE=/boot/vmlinuz-4.4.0-92-generic root=LABEL=cloudimg-rootfs ro console=tty1 console=ttyS0
[    0.000000] PID hash table entries: 4096 (order: 3, 32768 bytes)
[    0.000000] Memory: 1001744K/1048120K available (8474K kernel code, 1294K rwdata, 3984K rodata, 1488K init, 1316K bss, 46376K reserved, 0K cma-reserved)
[    0.000000] SLUB: HWalign=64, Order=0-3, MinObjects=0, CPUs=2, Nodes=1
[    0.000000] Hierarchical RCU implementation.
[    0.000000] 	Build-time adjustment of leaf fanout to 64.
[    0.000000] 	RCU restricting CPUs from NR_CPUS=512 to nr_cpu_ids=2.
[    0.000000] RCU: Adjusting geometry for rcu_fanout_leaf=64, nr_cpu_ids=2
[    0.000000] NR_IRQS:33024 nr_irqs:440 16
[    0.000000] Console: colour VGA+ 80x25
[    0.000000] console [tty1] enabled
[    0.000000] console [ttyS0] enabled
[    0.000000] tsc: Detected 2591.996 MHz processor
[   16.005775] Calibrating delay loop (skipped) preset value.. 5183.99 BogoMIPS (lpj=10367984)
[   16.213850] pid_max: default: 32768 minimum: 301
[   16.339028] ACPI: Core revision 20150930
[   16.466750] ACPI: 2 ACPI AML tables successfully acquired and loaded
[   16.648232] Security Framework initialized
[   16.780327] Yama: becoming mindful.
[   16.891542] AppArmor: AppArmor initialized
[   16.992396] Dentry cache hash table entries: 131072 (order: 8, 1048576 bytes)
[   17.188179] Inode-cache hash table entries: 65536 (order: 7, 524288 bytes)
[   17.354817] Mount-cache hash table entries: 2048 (order: 2, 16384 bytes)
[   17.355809] Mountpoint-cache hash table entries: 2048 (order: 2, 16384 bytes)
[   17.357005] Initializing cgroup subsys io
[   17.433600] Initializing cgroup subsys memory
[   17.561090] Initializing cgroup subsys devices
[   17.702481] Initializing cgroup subsys freezer
[   17.820289] Initializing cgroup subsys net_cls
[   17.947100] Initializing cgroup subsys perf_event
[   18.072037] Initializing cgroup subsys net_prio
[   18.209974] Initializing cgroup subsys hugetlb
[   18.285268] Initializing cgroup subsys pids
[   18.392712] CPU: Physical Processor ID: 0
[   18.501937] CPU: Processor Core ID: 0
[   18.565077] mce: CPU supports 0 MCE banks
[   18.679326] Last level iTLB entries: 4KB 64, 2MB 8, 4MB 8
[   18.835919] Last level dTLB entries: 4KB 64, 2MB 0, 4MB 0, 1GB 4
[   19.003272] Freeing SMP alternatives memory: 32K (ffffffff820b9000 - ffffffff820c1000)
[   19.257103] ftrace: allocating 32131 entries in 126 pages
[   19.393650] smpboot: APIC(0) Converting physical 0 to logical package 0
[   19.574087] smpboot: Max logical packages: 1
[   19.702460] x2apic enabled
[   19.766156] Switched APIC routing to physical x2apic.
[   19.909842] ..TIMER: vector=0x30 apic1=0 pin1=2 apic2=-1 pin2=-1
[   20.196395] smpboot: CPU0: Intel(R) Core(TM) i7-6700HQ CPU @ 2.60GHz (family: 0x6, model: 0x5e, stepping: 0x3)
[   20.435282] Performance Events: unsupported p6 CPU model 94 no PMU driver, software events only.
[   20.714753] KVM setup paravirtual spinlock
[   20.831894] x86: Booting SMP configuration:
[   20.960326] .... node  #0, CPUs:      #1
[   21.067921] kvm-clock: cpu 1, msr 0:3ffe3041, secondary cpu clock
[   21.244107] mce: CPU supports 0 MCE banks
[   21.344435] x86: Booted up 1 node, 2 CPUs
[   21.440780] smpboot: Total of 2 processors activated (10367.98 BogoMIPS)
[   21.660323] devtmpfs: initialized
[   21.759085] evm: security.selinux
[   21.853467] evm: security.SMACK64
[   21.945718] evm: security.SMACK64EXEC
[   22.060516] evm: security.SMACK64TRANSMUTE
[   22.170244] evm: security.SMACK64MMAP
[   22.280238] evm: security.ima
[   22.360848] evm: security.capability
[   22.460249] clocksource: jiffies: mask: 0xffffffff max_cycles: 0xffffffff, max_idle_ns: 7645041785100000 ns
[   22.478602] futex hash table entries: 512 (order: 3, 32768 bytes)
[   22.479701] pinctrl core: initialized pinctrl subsystem
[   22.548706] RTC time: 21:54:59, date: 08/26/17
[   22.601772] NET: Registered protocol family 16
[   22.773298] cpuidle: using governor ladder
[   22.914188] cpuidle: using governor menu
[   23.027958] PCCT header not found.
[   23.140344] ACPI: bus type PCI registered
[   23.268213] acpiphp: ACPI Hot Plug PCI Controller Driver version: 0.5
[   23.417574] PCI: Using configuration type 1 for base access
[   23.558718] ACPI: Added _OSI(Module Device)
[   23.677973] ACPI: Added _OSI(Processor Device)
[   23.815266] ACPI: Added _OSI(3.0 _SCP Extensions)
[   23.961314] ACPI: Added _OSI(Processor Aggregator Device)
[   24.131703] ACPI: Executed 1 blocks of module-level executable AML code
[   24.299385] ACPI: Interpreter enabled
[   24.399840] ACPI: (supports S0 S5)
[   24.513627] ACPI: Using IOAPIC for interrupt routing
[   24.634146] PCI: Using host bridge windows from ACPI; if necessary, use "pci=nocrs" and report a bug
[   24.915958] ACPI: PCI Root Bridge [PCI0] (domain 0000 [bus 00-ff])
[   25.101341] acpi PNP0A03:00: _OSC: OS supports [ASPM ClockPM Segments MSI]
[   25.296919] acpi PNP0A03:00: _OSC failed (AE_NOT_FOUND); disabling ASPM
[   25.504999] acpi PNP0A03:00: fail to add MMCONFIG information, can't access extended PCI configuration space under this bridge.
[   25.777856] PCI host bridge to bus 0000:00
[   25.911304] pci_bus 0000:00: root bus resource [io  0x0000-0x0cf7 window]
[   26.129463] pci_bus 0000:00: root bus resource [io  0x0d00-0xffff window]
[   26.329543] pci_bus 0000:00: root bus resource [mem 0x000a0000-0x000bffff window]
[   26.559626] pci_bus 0000:00: root bus resource [mem 0x40000000-0xffdfffff window]
[   26.784706] pci_bus 0000:00: root bus resource [bus 00-ff]
[   26.936982] pci 0000:00:01.1: legacy IDE quirk: reg 0x10: [io  0x01f0-0x01f7]
[   27.122082] pci 0000:00:01.1: legacy IDE quirk: reg 0x14: [io  0x03f6]
[   27.309774] pci 0000:00:01.1: legacy IDE quirk: reg 0x18: [io  0x0170-0x0177]
[   27.525596] pci 0000:00:01.1: legacy IDE quirk: reg 0x1c: [io  0x0376]
[   27.756183] pci 0000:00:07.0: quirk: [io  0x4000-0x403f] claimed by PIIX4 ACPI
[   27.906398] pci 0000:00:07.0: quirk: [io  0x4100-0x410f] claimed by PIIX4 SMB
[   28.101551] ACPI: PCI Interrupt Link [LNKA] (IRQs 5 9 10 *11)
[   28.265210] ACPI: PCI Interrupt Link [LNKB] (IRQs 5 9 10 *11)
[   28.429482] ACPI: PCI Interrupt Link [LNKC] (IRQs 5 9 *10 11)
[   28.577014] ACPI: PCI Interrupt Link [LNKD] (IRQs 5 *9 10 11)
[   28.735968] ACPI: Enabled 2 GPEs in block 00 to 07
[   28.854727] vgaarb: setting as boot device: PCI:0000:00:02.0
[   29.008272] vgaarb: device added: PCI:0000:00:02.0,decodes=io+mem,owns=io+mem,locks=none
[   29.239918] vgaarb: loaded
[   29.324262] vgaarb: bridge control possible 0000:00:02.0
[   29.492796] SCSI subsystem initialized
[   29.610159] ACPI: bus type USB registered
[   29.706268] usbcore: registered new interface driver usbfs
[   29.848746] usbcore: registered new interface driver hub
[   29.942252] usbcore: registered new device driver usb
[   30.089192] PCI: Using ACPI for IRQ routing
[   30.203288] NetLabel: Initializing
[   30.299698] NetLabel:  domain hash size = 128
[   30.413594] NetLabel:  protocols = UNLABELED CIPSOv4
[   30.557967] NetLabel:  unlabeled traffic allowed by default
[   30.716637] amd_nb: Cannot enumerate AMD northbridges
[   30.869990] clocksource: Switched to clocksource kvm-clock
[   31.021531] AppArmor: AppArmor Filesystem Enabled
[   31.165716] pnp: PnP ACPI init
[   31.266196] pnp: PnP ACPI: found 3 devices
[   31.404580] clocksource: acpi_pm: mask: 0xffffff max_cycles: 0xffffff, max_idle_ns: 2085701024 ns
[   31.687448] NET: Registered protocol family 2
[   31.823685] TCP established hash table entries: 8192 (order: 4, 65536 bytes)
[   32.036965] TCP bind hash table entries: 8192 (order: 5, 131072 bytes)
[   32.233804] TCP: Hash tables configured (established 8192 bind 8192)
[   32.442326] UDP hash table entries: 512 (order: 2, 16384 bytes)
[   32.633539] UDP-Lite hash table entries: 512 (order: 2, 16384 bytes)
[   32.829047] NET: Registered protocol family 1
[   32.962784] pci 0000:00:00.0: Limiting direct PCI/PCI transfers
[   33.132256] pci 0000:00:01.0: Activating ISA DMA hang workarounds
[   33.326426] Unpacking initramfs...
[   35.088450] Freeing initrd memory: 10832K (ffff880036ac8000 - ffff88003755c000)
[   35.256911] platform rtc_cmos: registered platform RTC device (no PNP device found)
[   35.493400] Scanning for low memory corruption every 60 seconds
[   35.642555] audit: initializing netlink subsys (disabled)
[   35.813977] audit: type=2000 audit(1503784487.555:1): initialized
[   35.994380] Initialise system trusted keyring
[   36.129845] HugeTLB registered 2 MB page size, pre-allocated 0 pages
[   36.298107] tsc: Refined TSC clocksource calibration: 2591.624 MHz
[   36.303361] zbud: loaded
[   36.474353] VFS: Disk quotas dquot_6.6.0
[   36.474379] VFS: Dquot-cache hash table entries: 512 (order 0, 4096 bytes)
[   36.474568] squashfs: version 4.0 (2009/01/31) Phillip Lougher
[   36.474775] fuse init (API version 7.23)
[   36.474876] Key type big_key registered
[   36.474890] Allocating IMA MOK and blacklist keyrings.
[   36.475034] Key type asymmetric registered
[   36.475036] Asymmetric key parser 'x509' registered
[   36.475062] Block layer SCSI generic (bsg) driver version 0.4 loaded (major 249)
[   36.475084] io scheduler noop registered
[   36.475086] io scheduler deadline registered (default)
[   36.475108] io scheduler cfq registered
[   36.475224] pci_hotplug: PCI Hot Plug PCI Core version: 0.5
[   36.475228] pciehp: PCI Express Hot Plug Controller Driver version: 0.4
[   36.475334] ACPI: AC Adapter [AC] (on-line)
[   36.475373] input: Power Button as /devices/LNXSYSTM:00/LNXPWRBN:00/input/input0
[   36.475375] ACPI: Power Button [PWRF]
[   36.475427] input: Sleep Button as /devices/LNXSYSTM:00/LNXSLPBN:00/input/input1
[   36.475428] ACPI: Sleep Button [SLPF]
[   36.475529] GHES: HEST is not enabled!
[   36.476076] ACPI: Battery Slot [BAT0] (battery present)
[   36.476103] Serial: 8250/16550 driver, 32 ports, IRQ sharing enabled
[   36.563266] 00:02: ttyS0 at I/O 0x3f8 (irq = 4, base_baud = 115200) is a 16550A
[   36.688979] Linux agpgart interface v0.103
[   36.955332] loop: module loaded
[   36.955727] scsi host0: ata_piix
[   36.955768] scsi host1: ata_piix
[   36.955839] ata1: PATA max UDMA/33 cmd 0x1f0 ctl 0x3f6 bmdma 0xd000 irq 14
[   36.955840] ata2: PATA max UDMA/33 cmd 0x170 ctl 0x376 bmdma 0xd008 irq 15
[   36.955930] libphy: Fixed MDIO Bus: probed
[   36.955932] tun: Universal TUN/TAP device driver, 1.6
[   36.955933] tun: (C) 1999-2004 Max Krasnyansky <maxk@qualcomm.com>
[   36.956236] PPP generic driver version 2.4.2
[   36.956310] ehci_hcd: USB 2.0 'Enhanced' Host Controller (EHCI) Driver
[   36.956322] ehci-pci: EHCI PCI platform driver
[   36.956343] ehci-platform: EHCI generic platform driver
[   36.956350] ohci_hcd: USB 1.1 'Open' Host Controller (OHCI) Driver
[   36.956352] ohci-pci: OHCI PCI platform driver
[   36.956359] ohci-platform: OHCI generic platform driver
[   36.956365] uhci_hcd: USB Universal Host Controller Interface driver
[   36.956404] i8042: PNP: PS/2 Controller [PNP0303:PS2K,PNP0f03:PS2M] at 0x60,0x64 irq 1,12
[   37.081860] serio: i8042 KBD port at 0x60,0x64 irq 1
[   37.081864] serio: i8042 AUX port at 0x60,0x64 irq 12
[   37.081967] mousedev: PS/2 mouse device common for all mice
[   37.082254] rtc_cmos rtc_cmos: rtc core: registered rtc_cmos as rtc0
[   37.082301] rtc_cmos rtc_cmos: alarms up to one day, 114 bytes nvram
[   37.082307] i2c /dev entries driver
[   37.082360] device-mapper: uevent: version 1.0.3
[   37.082400] device-mapper: ioctl: 4.34.0-ioctl (2015-10-28) initialised: dm-devel@redhat.com
[   37.082415] ledtrig-cpu: registered to indicate activity on CPUs
[   37.082613] NET: Registered protocol family 10
[   37.082723] NET: Registered protocol family 17
[   37.082729] Key type dns_resolver registered
[   37.207299] microcode: CPU0 sig=0x506e3, pf=0x2, revision=0x0
[   37.207417] microcode: CPU1 sig=0x506e3, pf=0x2, revision=0x0
[   37.207512] microcode: Microcode Update Driver: v2.01 <tigran@aivazian.fsnet.co.uk>, Peter Oruba
[   37.207597] registered taskstats version 1
[   37.207608] Loading compiled-in X.509 certificates
[   37.208189] Loaded X.509 cert 'Build time autogenerated kernel key: 01a2b0d0dba8d37a863918580fc16590a7d146c8'
[   37.208203] zswap: loaded using pool lzo/zbud
[   37.209247] Key type trusted registered
[   37.210916] Key type encrypted registered
[   37.210919] AppArmor: AppArmor sha1 policy hashing enabled
[   37.210921] ima: No TPM chip found, activating TPM-bypass!
[   37.210934] evm: HMAC attrs: 0x1
[   37.211120]   Magic number: 13:87:956
[   37.211138] pci 0000:00:04.0: hash matches
[   37.312808] rtc_cmos rtc_cmos: setting system clock to 2017-08-26 21:55:14 UTC (1503784514)
[   37.312960] BIOS EDD facility v0.16 2004-Jun-25, 0 devices found
[   37.312960] EDD information not available.
[   37.592534] input: AT Translated Set 2 keyboard as /devices/platform/i8042/serio0/input/input2
[   45.809088] clocksource: tsc: mask: 0xffffffffffffffff max_cycles: 0x255b53bb859, max_idle_ns: 440795243481 ns
[   45.955428] Freeing unused kernel memory: 1488K (ffffffff81f45000 - ffffffff820b9000)
[   46.187270] Write protecting the kernel read-only data: 14336k
[   46.388847] Freeing unused kernel memory: 1752K (ffff88000184a000 - ffff880001a00000)
[   46.469933] Freeing unused kernel memory: 112K (ffff880001de4000 - ffff880001e00000)
Loading, please [   46.691541] random: systemd-udevd: uninitialized urandom read (16 bytes read, 7 bits of entropy available)
wait...
startin[   46.691955] random: udevadm: uninitialized urandom read (16 bytes read, 7 bits of entropy available)
g version 229
[   46.691994] random: udevadm: uninitialized urandom read (16 bytes read, 7 bits of entropy available)
[   46.692079] random: udevadm: uninitialized urandom read (16 bytes read, 7 bits of entropy available)
[   46.692109] random: udevadm: uninitialized urandom read (16 bytes read, 7 bits of entropy available)
[   46.692139] random: udevadm: uninitialized urandom read (16 bytes read, 7 bits of entropy available)
[   46.692168] random: udevadm: uninitialized urandom read (16 bytes read, 7 bits of entropy available)
[   46.692195] random: udevadm: uninitialized urandom read (16 bytes read, 7 bits of entropy available)
[   46.692223] random: udevadm: uninitialized urandom read (16 bytes read, 7 bits of entropy available)
[   46.692251] random: udevadm: uninitialized urandom read (16 bytes read, 7 bits of entropy available)
[   49.161492] e1000: Intel(R) PRO/1000 Network Driver - version 7.3.21-k8-NAPI
[   49.362252] e1000: Copyright (c) 1999-2006 Intel Corporation.
[   49.501731] Fusion MPT base driver 3.04.20
[   49.513874] Copyright (c) 1999-2008 LSI Corporation
[   49.519173] Fusion MPT SPI Host driver 3.04.20
[   49.648570] AVX version of gcm_enc/dec engaged.
[   49.655890] AES CTR mode by8 optimization enabled
[   49.839378] input: ImExPS/2 Generic Explorer Mouse as /devices/platform/i8042/serio1/input/input4
[   49.954599] e1000 0000:00:03.0 eth0: (PCI:33MHz:32-bit) 02:21:85:d0:49:10
[   49.954602] e1000 0000:00:03.0 eth0: Intel(R) PRO/1000 Network Connection
[   50.086276] mptbase: ioc0: Initiating bringup
[   50.150678] ioc0: LSI53C1030 A0: Capabilities={Initiator}
[   50.302516] e1000 0000:00:03.0 enp0s3: renamed from eth0
[   50.745362] scsi host2: ioc0: LSI53C1030 A0, FwRev=00000000h, Ports=1, MaxQ=256, IRQ=20
[   51.086611] scsi 2:0:0:0: Direct-Access     VBOX     HARDDISK         1.0  PQ: 0 ANSI: 5
[   51.094576] scsi target2:0:0: Beginning Domain Validation
[   51.120084] scsi target2:0:0: Domain Validation skipping write tests
[   51.301229] scsi target2:0:0: Ending Domain Validation
[   51.457514] scsi target2:0:0: asynchronous
[   51.473984] scsi 2:0:1:0: Direct-Access     VBOX     HARDDISK         1.0  PQ: 0 ANSI: 5
[   51.664435] scsi target2:0:1: Beginning Domain Validation
[   51.822617] scsi target2:0:1: Domain Validation skipping write tests
[   51.824670] scsi target2:0:1: Ending Domain Validation
[   51.825735] scsi target2:0:1: asynchronous
[   51.831661] sd 2:0:0:0: [sda] 20971520 512-byte logical blocks: (10.7 GB/10.0 GiB)
[   51.835995] sd 2:0:0:0: Attached scsi generic sg0 type 0
[   51.982895] sd 2:0:0:0: [sda] Write Protect is off
[   52.108009] sd 2:0:1:0: Attached scsi generic sg1 type 0
[   52.147002] sd 2:0:1:0: [sdb] 20480 512-byte logical blocks: (10.5 MB/10.0 MiB)
[   52.325488] sd 2:0:0:0: [sda] Incomplete mode parameter data
[   52.500564] sd 2:0:0:0: [sda] Assuming drive cache: write through
[   52.688459] sd 2:0:1:0: [sdb] Write Protect is off
[   52.835067] floppy0: no floppy controllers found
[   52.835441] sd 2:0:1:0: [sdb] Incomplete mode parameter data
[   52.835442] sd 2:0:1:0: [sdb] Assuming drive cache: write through
[   52.949611]  sda: sda1
[   52.950815] sd 2:0:0:0: [sda] Attached SCSI disk
[   52.951911] sd 2:0:1:0: [sdb] Attached SCSI disk
Begin: Loading e[   54.625764] md: linear personality registered for level -1
ssential drivers[   54.760787] md: multipath personality registered for level -4
 ... [   54.933007] md: raid0 personality registered for level 0
[   55.110664] md: raid1 personality registered for level 1
[   55.222252] raid6: sse2x1   gen()  8821 MB/s
[   55.390350] raid6: sse2x1   xor()  4879 MB/s
[   55.598195] raid6: sse2x2   gen()  9558 MB/s
[   55.686437] raid6: sse2x2   xor()  6645 MB/s
[   55.866668] raid6: sse2x4   gen() 12032 MB/s
[   56.062313] raid6: sse2x4   xor()  8031 MB/s
[   56.136090] raid6: using algorithm sse2x4 gen() 12032 MB/s
[   56.136947] raid6: .... xor() 8031 MB/s, rmw enabled
[   56.137770] raid6: using ssse3x2 recovery algorithm
[   56.157421] xor: automatically using best checksumming function:
[   56.350290]    avx       : 19254.000 MB/sec
[   56.375182] async_tx: api initialized (async)
[   56.474661] md: raid6 personality registered for level 6
[   56.646708] md: raid5 personality registered for level 5
[   56.813615] md: raid4 personality registered for level 4
[   56.990041] md: raid10 personality registered for level 10
done.
Begin: Running /scripts/init-p[   57.178749] Btrfs loaded
remount ... done.
Begin: Mounting root file system ... Begin: Running /scripts/local-top ... done.
Begin: Running /scripts/local-premount ... Scanning for Btrfs filesystems
done.
Warning: fsck no[   57.295164] EXT4-fs (sda1): INFO: recovery required on readonly filesystem
t present, so sk[   57.450651] EXT4-fs (sda1): write access will be enabled during recovery
ipping root file system
[   57.732226] EXT4-fs (sda1): recovery complete
[   57.835823] EXT4-fs (sda1): mounted filesystem with ordered data mode. Opts: (null)
done.
Begin: Running /scripts/local-bottom ... done.
Begin: Running /scripts/init-bottom ... done.
[   57.977132] systemd[1]: systemd 229 running in system mode. (+PAM +AUDIT +SELINUX +IMA +APPARMOR +SMACK +SYSVINIT +UTMP +LIBCRYPTSETUP +GCRYPT +GNUTLS +ACL +XZ -LZ4 +SECCOMP +BLKID +ELFUTILS +KMOD -IDN)
[   58.523525] systemd[1]: Detected virtualization oracle.
[   58.659158] systemd[1]: Detected architecture x86-64.

Welcome to [1mUbuntu 16.04.3 LTS[0m!

[   58.895391] systemd[1]: Set hostname to <ubuntu-xenial>.
[   59.113507] random: nonblocking pool is initialized
[   59.348116] systemd[1]: Listening on udev Kernel Socket.
[[0;32m  OK  [0m] Listening on udev Kernel Socket.
[   59.549234] systemd[1]: Reached target Swap.
[[0;32m  OK  [0m] Reached target Swap.
[   59.583436] systemd[1]: Listening on LVM2 metadata daemon socket.
[[0;32m  OK  [0m] Listening on LVM2 metadata daemon socket.
[   59.706689] systemd[1]: Listening on Journal Socket.
[[0;32m  OK  [0m] Listening on Journal Socket.
[   59.950639] systemd[1]: Created slice User and Session Slice.
[[0;32m  OK  [0m] Created slice User and Session Slice.
[   60.210503] systemd[1]: Started Trigger resolvconf update for networkd DNS.
[[0;32m  OK  [0m] Started Trigger resolvconf update for networkd DNS.
[   60.546560] systemd[1]: Listening on Journal Audit Socket.
[[0;32m  OK  [0m] Listening on Journal Audit Socket.
[   60.711384] systemd[1]: Listening on udev Control Socket.
[[0;32m  OK  [0m] Listening on udev Control Socket.
[   60.713778] systemd[1]: Reached target User and Group Name Lookups.
[[0;32m  OK  [0m] Reached target User and Group Name Lookups.
[   60.726876] systemd[1]: Listening on Journal Socket (/dev/log).
[[0;32m  OK  [0m] Listening on Journal Socket (/dev/log).
[   60.729075] systemd[1]: Created slice System Slice.
[[0;32m  OK  [0m] Created slice System Slice.
[   60.742407] systemd[1]: Mounting Debug File System...
         Mounting Debug File System...
[   60.748379] systemd[1]: Reached target Slices.
[[0;32m  OK  [0m] Reached target Slices.
[   60.930563] systemd[1]: Starting Uncomplicated firewall...
         Starting Uncomplicated firewall...
[   61.102908] systemd[1]: Starting Set console keymap...
         Starting Set console keymap...
[   61.150866] systemd[1]: Starting Load Kernel Modules...
         Starting Load Ke[   61.323230] Loading iSCSI transport class v2.0-870.
rnel Modules...[   61.516331] iscsi: registered transport (tcp)

[   61.670944] systemd[1]: Starting Create list of required static device nodes for the current kernel...
         Starting Create [   61.707633] iscsi: registered transport (iser)
list of required st... nodes for the current kernel...
[   61.919178] systemd[1]: Mounting Huge Pages File System...
         Mounting Huge Pages File System...
[   62.099253] systemd[1]: Created slice system-serial\x2dgetty.slice.
[[0;32m  OK  [0m] Created slice system-serial\x2dgetty.slice.
[   62.386776] systemd[1]: Created slice system-postgresql.slice.
[[0;32m  OK  [0m] Created slice system-postgresql.slice.
[   62.650682] systemd[1]: Listening on Device-mapper event daemon FIFOs.
[[0;32m  OK  [0m] Listening on Device-mapper event daemon FIFOs.
[   62.934811] systemd[1]: Starting Monitoring of LVM2 mirrors, snapshots etc. using dmeventd or progress polling...
         Starting Monitoring of LVM2 mirrors... dmeventd or progress polling...
[   63.102827] systemd[1]: Started Forward Password Requests to Wall Directory Watch.
[[0;32m  OK  [0m] Started Forward Password Requests to Wall Directory Watch.
[   63.115066] systemd[1]: Mounting POSIX Message Queue File System...
         Mounting POSIX Message Queue File System...
[   63.143015] systemd[1]: Listening on /dev/initctl Compatibility Named Pipe.
[[0;32m  OK  [0m] Listening on /dev/initctl Compatibility Named Pipe.
[   63.243030] systemd[1]: Reached target Encrypted Volumes.
[[0;32m  OK  [0m] Reached target Encrypted Volumes.
[   63.474342] systemd[1]: Starting Nameserver information manager...
         Starting Nameserver information manager...
[   63.739127] systemd[1]: Listening on LVM2 poll daemon socket.
[[0;32m  OK  [0m] Listening on LVM2 poll daemon socket.
[   63.974997] systemd[1]: Starting Remount Root and Kernel File Systems...
         [   64.210142] EXT4-fs (sda1): re-mounted. Opts: (null)
Starting Remount Root and Kernel File Systems...
[   64.430477] systemd[1]: Set up automount Arbitrary Executable File Formats File System Automount Point.
[[0;32m  OK  [0m] Set up automount Arbitrary Executab...ats File System Automount Point.
[   64.865326] systemd[1]: Listening on Syslog Socket.
[[0;32m  OK  [0m] Listening on Syslog Socket.
[   65.058275] systemd[1]: Starting Journal Service...
         Starting Journal Service...
[   65.275431] systemd[1]: Mounted Debug File System.
[[0;32m  OK  [0m] Mounted Debug File System.
[   65.479953] systemd[1]: Mounted POSIX Message Queue File System.
[[0;32m  OK  [0m] Mounted POSIX Message Queue File System.
[   65.754615] systemd[1]: Mounted Huge Pages File System.
[[0;32m  OK  [0m] Mounted Huge Pages File System.
[   65.947296] systemd[1]: Started Journal Service.
[[0;32m  OK  [0m] Started Journal Service.
[[0;32m  OK  [0m] Started Uncomplicated firewall.
[[0;32m  OK  [0m] Started Set console keymap.
[[0;32m  OK  [0m] Started Load Kernel Modules.
[[0;32m  OK  [0m] Started Create list of required sta...ce nodes for the current kernel.
[[0;32m  OK  [0m] Started Remount Root and Kernel File Systems.
[[0;32m  OK  [0m] Started Nameserver information manager.
[[0;32m  OK  [0m] Started LVM2 metadata daemon.
         Starting udev Coldplug all Devices...
         Starting Initial cloud-init job (pre-networking)...
         Starting Load/Save Random Seed...
         Starting Create Static Device Nodes in /dev...
         Starting Apply Kernel Variables...
         Mounting FUSE Control File System...
         Starting Flush Journal to Persistent Storage...
[[0;32m  OK  [0m] Mounted FUSE Control File System.
[[0;32m  OK  [0m] Started Monitoring of LVM2 mirrors,...ng dmeventd or progress polling.
[[0;32m  OK  [0m] Started Load/Save Random Seed.
[[0;32m  OK  [0m] Started Create Static Device Nodes in /dev.
[[0;32m  OK  [0m] Started Apply Kernel Variables.
[[0;32m  OK  [0m] Started udev Coldplug all Devices.
[[0;32m  OK  [0m] Started Flush Journal to Persistent Storage.
         Starting udev Kernel Device Manager...
[   37.554116] cloud-init[452]: Cloud-init v. 0.7.9 running 'init-local' at Sat, 26 Aug 2017 21:55:44 +0000. Up 37.36 seconds.
[[0;32m  OK  [0m] Started udev Kernel Device Manager.
[[0;32m  OK  [0m] Started Initial cloud-init job (pre-networking).
[[0;32m  OK  [0m] Found device /dev/ttyS0.
[[0;32m  OK  [0m] Reached target Network (Pre).
[[0;32m  OK  [0m] Started Dispatch Password Requests to Console Directory Watch.
[[0;32m  OK  [0m] Reached target Local File Systems (Pre).
[[0;32m  OK  [0m] Reached target Local File Systems.
         Starting Tell Plymouth To Write Out Runtime Data...
         Starting LSB: AppArmor initialization...
         Starting Create Volatile Files and Directories...
         Starting Set console font and keymap...
[[0;32m  OK  [0m] Started Tell Plymouth To Write Out Runtime Data.
[[0;32m  OK  [0m] Started Create Volatile Files and Directories.
[[0;32m  OK  [0m] Listening on Load/Save RF Kill Switch Status /dev/rfkill Watch.
[[0;32m  OK  [0m] Reached target System Time Synchronized.
         Starting Update UTMP about System Boot/Shutdown...
[[0;32m  OK  [0m] Started LSB: AppArmor initialization.
[[0;32m  OK  [0m] Started Set console font and keymap.
[[0;32m  OK  [0m] Created slice system-getty.slice.
         Starting Raise network interfaces...
[[0;32m  OK  [0m] Started ifup for enp0s3.
[[0;32m  OK  [0m] Started Update UTMP about System Boot/Shutdown.
[[0;32m  OK  [0m] Started Raise network interfaces.
         Starting Initial cloud-init job (metadata service crawler)...
[[0;32m  OK  [0m] Reached target Network.
[   41.314741] cloud-init[969]: Cloud-init v. 0.7.9 running 'init' at Sat, 26 Aug 2017 21:55:48 +0000. Up 41.09 seconds.
[   41.469007] cloud-init[969]: ci-info: +++++++++++++++++++++++++++++++++++++Net device info++++++++++++++++++++++++++++++++++++++
[   41.632365] cloud-init[969]: ci-info: +--------+------+----------------------------+---------------+-------+-------------------+
[   41.816494] cloud-init[969]: ci-info: | Device |  Up  |          Address           |      Mask     | Scope |     Hw-Address    |
[[0;32m  OK  [0m] Started Initial cloud-init job (metadata service crawler).
[[0;32m  OK  [0m] Reached target System Initialization.
[   41.999150] cloud-init[969]: ci-info: +--------+------+----------------------------+---------------+-------+-------------------+
         Starting Socket activation for snappy daemon.
[[0;32m  OK  [0m] Listening on UUID daemon activation socket.
[   42.097620] cloud-init[969]: ci-info: | enp0s3 | True |         10.0.2.15          | 255.255.255.0 |   .   | 02:21:85:d0:49:10 |
[   42.596671] [cloud-init[0;32m  OK  [0m[969]: ] ci-info: | enp0s3 | True | fe80::21:85ff:fed0:4910/64 |       .       |  link | 02:21:85:d0:49:10 |Started ACPI Events Check.

[   42.792350] [cloud-init[0;32m  OK  [0m[969]: ] ci-info: |   lo   | True |         127.0.0.1          |   255.0.0.0   |   .   |         .         |Reached target Paths.

[[0;32m  OK  [0m] Listening on ACPID Listen Socket.
[[0;32m  OK  [0m] Listening on D-Bus System Message Bus Socket.
[   42.792809] cloud-init[969]: ci-info: |   lo   | True |          ::1/128           |       .       |  host |         .         |
[   43.276325] [cloud-init[0;32m  OK  [0m[969]: ] ci-info: +--------+------+----------------------------+---------------+-------+-------------------+Started Daily Cleanup of Temporary Directories.

[   43.276898] cloud-init[969]: ci-info: +++++++++++++++++++++++++++Route IPv4 info++++++++++++++++++++++++++++
[   43.415349] [cloud-init[0;32m  OK  [0m[969]: ] ci-info: +-------+-------------+----------+---------------+-----------+-------+Started Timer to automatically refresh installed snaps.

[   43.415782] cloud-init[969]: ci-info: | Route | Destination | Gateway  |    Genmask    | Interface | Flags |
[   43.499454]          cloud-initStarting LXD - unix socket.[969]: 
ci-info: +-------+-------------+----------+---------------+-----------+-------+
[   43.520205] [[0;32m  OK  [0m] Reached target Cloud-config availability.
[[0;32m  OK  [0m] Reached target Network is Online.
cloud-init[969]: ci-info: |   0   |   0.0.0.0   | 10.0.2.2 |    0.0.0.0    |   enp0s3  |   UG  |
[   43.529912] cloud-init[969]: ci-info: |   1   |   10.0.2.0  | 0.0.0.0  | 255.255.255.0 |   enp0s3  |   U   |
[   43.636412]          cloud-initStarting iSCSI initiator daemon (iscsid)...[969]: 
ci-info: +-------+-------------+----------+---------------+-----------+-------+
[[0;32m  OK  [0m] Started Daily apt download activities.
[[0;32m  OK  [0m] Started Daily apt upgrade and clean activities.
[[0;32m  OK  [0m] Reached target Timers.
[[0;32m  OK  [0m] Listening on Socket activation for snappy daemon.
[[0;32m  OK  [0m] Listening on LXD - unix socket.
[[0;32m  OK  [0m] Reached target Sockets.
[[0;32m  OK  [0m] Reached target Basic System.
         Starting Login Service...
         Starting Accounts Service...
[[0;32m  OK  [0m] Started D-Bus System Message Bus.
[[0;32m  OK  [0m] Started Deferred execution scheduler.
         Starting LSB: MD monitoring daemon...
         Starting LSB: Record successful boot for GRUB...
[[0;32m  OK  [0m] Started FUSE filesystem for LXC.
         Starting Apply the settings specified in cloud-config...
         Starting System Logging Service...
[[0;32m  OK  [0m] Started Unattended Upgrades Shutdown.
[[0;32m  OK  [0m] Started Regular background program processing daemon.
[[0;32m  OK  [0m] Started ACPI event daemon.
         Starting OpenBSD Secure Shell server...
[   44.914267] cloud-init[1049]: Cloud-init v. 0.7.9 running 'modules:config' at Sat, 26 Aug 2017 21:55:52 +0000. Up 44.82 seconds.
         Starting PostgreSQL Cluster 9.5-main...
         Starting /etc/rc.local Compatibility...
         Starting LXD - container startup/shutdown...
[[0;32m  OK  [0m] Started Snappy daemon.
         Starting Auto import assertions from block devices...
[[0;32m  OK  [0m] Started System Logging Service.
[[0;32m  OK  [0m] Started OpenBSD Secure Shell server.
[[0;32m  OK  [0m] Started iSCSI initiator daemon (iscsid).
[[0;32m  OK  [0m] Started Apply the settings specified in cloud-config.
[[0;32m  OK  [0m] Started /etc/rc.local Compatibility.
[[0;32m  OK  [0m] Started LXD - container startup/shutdown.
[[0;32m  OK  [0m] Started Auto import assertions from block devices.
[[0;32m  OK  [0m] Started LSB: Record successful boot for GRUB.
[[0;32m  OK  [0m] Started LSB: MD monitoring daemon.
[[0;32m  OK  [0m] Started Login Service.
         Starting Authenticate and Authorize Users to Run Privileged Tasks...
         Starting Login to default iSCSI targets...
[[0;32m  OK  [0m] Started Authenticate and Authorize Users to Run Privileged Tasks.
[[0;32m  OK  [0m] Started Accounts Service.
[[0;32m  OK  [0m] Started Login to default iSCSI targets.
[[0;32m  OK  [0m] Reached target Remote File Systems (Pre).
[[0;32m  OK  [0m] Reached target Remote File Systems.
         Starting Permit User Sessions...
         Starting LSB: VirtualBox Linux Additions...
         Starting LSB: automatic crash report generation...
         Starting LSB: daemon to balance interrupts for SMP systems...
         Starting LSB: Set the CPU Frequency Scaling governor to "ondemand"...
         Starting LSB: Start/stop sysstat's sadc...
[[0;32m  OK  [0m] Started Permit User Sessions.
         Starting Hold until boot process finishes up...
         Starting Terminate Plymouth Boot Screen...
[[0;32m  OK  [0m] Started LSB: VirtualBox Linux Additions.
[[0;32m  OK  [0m] Started LSB: automatic crash report generation.
[[0;32m  OK  [0m] Started LSB: daemon to balance interrupts for SMP systems.
[[0;32m  OK  [0m] Started LSB: Set the CPU Frequency Scaling governor to "ondemand".
[[0;32m  OK  [0m] Started LSB: Start/stop sysstat's sadc.
[[0;32m  OK  [0m] Started Hold until boot process finishes up.
[[0;32m  OK  [0m] Started Terminate Plymouth Boot Screen.
         Starting Set console scheme...
[[0;32m  OK  [0m] Started Getty on tty1.
[[0;32m  OK  [0m] Started Serial Getty on ttyS0.
[[0;32m  OK  [0m] Reached target Login Prompts.
[[0;32m  OK  [0m] Started PostgreSQL Cluster 9.5-main.
[[0;32m  OK  [0m] Started Set console scheme.
         Starting PostgreSQL RDBMS...
[[0;32m  OK  [0m] Started PostgreSQL RDBMS.
[[0;32m  OK  [0m] Reached target Multi-User System.
         Starting Execute cloud user/final scripts...
[[0;32m  OK  [0m] Reached target Graphical Interface.
         Starting Update UTMP about System Runlevel Changes...
[[0;32m  OK  [0m] Started Update UTMP about System Runlevel Changes.
[   48.077364] cloud-init[1234]: Cloud-init v. 0.7.9 running 'modules:final' at Sat, 26 Aug 2017 21:55:55 +0000. Up 47.98 seconds.
[[0;32m  OK  [0m] Started Execute cloud user/final scripts.
[   48.204128] cloud-init[1234]: Cloud-init v. 0.7.9 finished at Sat, 26 Aug 2017 21:55:55 +0000. Datasource DataSourceNoCloud [seed=/dev/sdb][dsmode=net].  Up 48.07 seconds
[[0;32m  OK  [0m] Reached target Cloud-init target.
         Starting Daily apt download activities...
[[0;32m  OK  [0m] Created slice User Slice of ubuntu.
         Starting User Manager for UID 1000...
[[0;32m  OK  [0m] Started User Manager for UID 1000.
[[0;32m  OK  [0m] Started Session 1 of user ubuntu.

Ubuntu 16.04.3 LTS ubuntu-xenial ttyS0

ubuntu-xenial login: 